<?xml version="1.0" encoding="utf-8"?>
<TestRun id="4944fc14-0bfb-4128-a849-ac1005b700ce" name="danie@DESKTOP-I4JGLN8 2020-12-13 12:08:59" runUser="DESKTOP-I4JGLN8\danie" xmlns="http://microsoft.com/schemas/VisualStudio/TeamTest/2010">
  <Times creation="2020-12-13T12:08:59.7823898-03:00" queuing="2020-12-13T12:08:59.7823922-03:00" start="2020-12-13T12:08:55.6994962-03:00" finish="2020-12-13T12:08:59.9926317-03:00" />
  <TestSettings name="default" id="eb660800-5ce1-413e-9306-eb3965b29627">
    <Deployment runDeploymentRoot="danie_DESKTOP-I4JGLN8_2020-12-13_12_08_59" />
  </TestSettings>
  <Results>
    <UnitTestResult executionId="14afce8d-99cb-46be-bf42-6dcad2e8e371" testId="0b58340a-c93e-a1dd-ffc4-b4acea79f579" testName="Edit Truck Model Not Exist" computerName="DESKTOP-I4JGLN8" duration="00:00:00.0144150" startTime="2020-12-13T12:08:59.7357652-03:00" endTime="2020-12-13T12:08:59.7357680-03:00" testType="13cdc9d9-ddb5-4fa4-a97d-d965ccfc6d4b" outcome="Passed" testListId="8c84fa94-04c1-424b-9868-57a2d4851a1d" relativeResultsDirectory="14afce8d-99cb-46be-bf42-6dcad2e8e371" />
    <UnitTestResult executionId="74a04c29-ed5d-449b-8d4c-ce17cc5cd0bd" testId="11d6f6bc-2383-7a58-869a-cb407b6f4bc1" testName="Get All Trucks Invalid Filter" computerName="DESKTOP-I4JGLN8" duration="00:00:00.2655455" startTime="2020-12-13T12:08:59.6065927-03:00" endTime="2020-12-13T12:08:59.6065963-03:00" testType="13cdc9d9-ddb5-4fa4-a97d-d965ccfc6d4b" outcome="Passed" testListId="8c84fa94-04c1-424b-9868-57a2d4851a1d" relativeResultsDirectory="74a04c29-ed5d-449b-8d4c-ce17cc5cd0bd" />
    <UnitTestResult executionId="060971c3-beb8-4497-9611-f799f1ff0789" testId="e6d148cf-7153-799c-c319-f9c491c29dad" testName="Edit Truck Not Exist" computerName="DESKTOP-I4JGLN8" duration="00:00:00.0100817" startTime="2020-12-13T12:08:59.8067055-03:00" endTime="2020-12-13T12:08:59.8067090-03:00" testType="13cdc9d9-ddb5-4fa4-a97d-d965ccfc6d4b" outcome="Passed" testListId="8c84fa94-04c1-424b-9868-57a2d4851a1d" relativeResultsDirectory="060971c3-beb8-4497-9611-f799f1ff0789" />
    <UnitTestResult executionId="13a84afe-bc93-4e4f-9082-6cb90226e1b6" testId="2554bc29-3387-2bf9-fbcb-d897558e322e" testName="Remove Truck Success" computerName="DESKTOP-I4JGLN8" duration="00:00:00.0076535" startTime="2020-12-13T12:08:59.7796555-03:00" endTime="2020-12-13T12:08:59.7796587-03:00" testType="13cdc9d9-ddb5-4fa4-a97d-d965ccfc6d4b" outcome="Passed" testListId="8c84fa94-04c1-424b-9868-57a2d4851a1d" relativeResultsDirectory="13a84afe-bc93-4e4f-9082-6cb90226e1b6" />
    <UnitTestResult executionId="0eefdb4c-2f66-4e62-b7e5-43ddf19fe42e" testId="0f8e086c-5857-432b-aacd-467973f741e8" testName="Remove Truck Paramenter Id IsNull" computerName="DESKTOP-I4JGLN8" duration="00:00:00.0044064" startTime="2020-12-13T12:08:59.8300684-03:00" endTime="2020-12-13T12:08:59.8300723-03:00" testType="13cdc9d9-ddb5-4fa4-a97d-d965ccfc6d4b" outcome="Passed" testListId="8c84fa94-04c1-424b-9868-57a2d4851a1d" relativeResultsDirectory="0eefdb4c-2f66-4e62-b7e5-43ddf19fe42e" />
    <UnitTestResult executionId="90499259-9e40-44b7-9196-cccbeb3ad601" testId="9fcaff1a-068a-e291-57e2-b3e7fb33c085" testName="Edit Truck Paramenter Invalid" computerName="DESKTOP-I4JGLN8" duration="00:00:00.0081315" startTime="2020-12-13T12:08:59.7440808-03:00" endTime="2020-12-13T12:08:59.7440838-03:00" testType="13cdc9d9-ddb5-4fa4-a97d-d965ccfc6d4b" outcome="Passed" testListId="8c84fa94-04c1-424b-9868-57a2d4851a1d" relativeResultsDirectory="90499259-9e40-44b7-9196-cccbeb3ad601" />
    <UnitTestResult executionId="b469463c-e650-4f8d-96d3-d57d90eb1c1b" testId="404def15-21d1-f37e-ca9f-de19c55e510e" testName="Remove Truck Not Find Truck" computerName="DESKTOP-I4JGLN8" duration="00:00:00.0151148" startTime="2020-12-13T12:08:59.6721095-03:00" endTime="2020-12-13T12:08:59.6721130-03:00" testType="13cdc9d9-ddb5-4fa4-a97d-d965ccfc6d4b" outcome="Passed" testListId="8c84fa94-04c1-424b-9868-57a2d4851a1d" relativeResultsDirectory="b469463c-e650-4f8d-96d3-d57d90eb1c1b" />
    <UnitTestResult executionId="c5516441-e183-4178-af36-c3baa2b3e93d" testId="387871d5-3fc5-0289-a4bf-4ae5d18ffb81" testName="Get All Trucks" computerName="DESKTOP-I4JGLN8" duration="00:00:00.0118735" startTime="2020-12-13T12:08:59.6753125-03:00" endTime="2020-12-13T12:08:59.6753159-03:00" testType="13cdc9d9-ddb5-4fa4-a97d-d965ccfc6d4b" outcome="Passed" testListId="8c84fa94-04c1-424b-9868-57a2d4851a1d" relativeResultsDirectory="c5516441-e183-4178-af36-c3baa2b3e93d" />
    <UnitTestResult executionId="fc60dcc0-ba16-426c-9b31-37e5da94c35f" testId="f4f7e236-b7a3-7357-cb52-4482d4c62886" testName="Edit Truck Error Pessist Data" computerName="DESKTOP-I4JGLN8" duration="00:00:00.0079980" startTime="2020-12-13T12:08:59.8148721-03:00" endTime="2020-12-13T12:08:59.8148758-03:00" testType="13cdc9d9-ddb5-4fa4-a97d-d965ccfc6d4b" outcome="Passed" testListId="8c84fa94-04c1-424b-9868-57a2d4851a1d" relativeResultsDirectory="fc60dcc0-ba16-426c-9b31-37e5da94c35f" />
    <UnitTestResult executionId="abd847b0-0797-4b47-8581-95c9bad7e01d" testId="a248f598-e9b5-b2d0-9213-d559cc866a78" testName="Add Truck Exist" computerName="DESKTOP-I4JGLN8" duration="00:00:00.3157660" startTime="2020-12-13T12:08:59.6568156-03:00" endTime="2020-12-13T12:08:59.6568190-03:00" testType="13cdc9d9-ddb5-4fa4-a97d-d965ccfc6d4b" outcome="Passed" testListId="8c84fa94-04c1-424b-9868-57a2d4851a1d" relativeResultsDirectory="abd847b0-0797-4b47-8581-95c9bad7e01d" />
    <UnitTestResult executionId="054fadd4-82c8-41d1-810f-9a62f8b0917b" testId="9e8ac530-9d92-3a31-6db9-e77aa36123d3" testName="Edit Truck Success" computerName="DESKTOP-I4JGLN8" duration="00:00:00.0104475" startTime="2020-12-13T12:08:59.7902477-03:00" endTime="2020-12-13T12:08:59.7902513-03:00" testType="13cdc9d9-ddb5-4fa4-a97d-d965ccfc6d4b" outcome="Passed" testListId="8c84fa94-04c1-424b-9868-57a2d4851a1d" relativeResultsDirectory="054fadd4-82c8-41d1-810f-9a62f8b0917b" />
    <UnitTestResult executionId="ad1d35f5-67a5-4b96-bc3b-a0cbe63d5ab2" testId="495ebeee-3380-13f8-2a53-fcbae2a72ec0" testName="Null Or Empaty Vin(number: null)" computerName="DESKTOP-I4JGLN8" duration="00:00:00.0083001" startTime="2020-12-13T12:08:59.4860968-03:00" endTime="2020-12-13T12:08:59.4860992-03:00" testType="13cdc9d9-ddb5-4fa4-a97d-d965ccfc6d4b" outcome="Passed" testListId="8c84fa94-04c1-424b-9868-57a2d4851a1d" relativeResultsDirectory="ad1d35f5-67a5-4b96-bc3b-a0cbe63d5ab2" />
    <UnitTestResult executionId="0ef2c5b2-ee87-4ba8-8312-8d70e1f0cc19" testId="d4036b07-2e6b-ee0d-6099-d34a0daea370" testName="Invalid Vin" computerName="DESKTOP-I4JGLN8" duration="00:00:00.0231511" startTime="2020-12-13T12:08:59.4947750-03:00" endTime="2020-12-13T12:08:59.4947783-03:00" testType="13cdc9d9-ddb5-4fa4-a97d-d965ccfc6d4b" outcome="Passed" testListId="8c84fa94-04c1-424b-9868-57a2d4851a1d" relativeResultsDirectory="0ef2c5b2-ee87-4ba8-8312-8d70e1f0cc19" />
    <UnitTestResult executionId="ff8c942a-f7e7-48b7-9139-119f14ce91d0" testId="43520f7d-fdbd-a349-7ea2-144deda57ec8" testName="Add Truck Error Pessist Data" computerName="DESKTOP-I4JGLN8" duration="00:00:00.0422712" startTime="2020-12-13T12:08:59.7145104-03:00" endTime="2020-12-13T12:08:59.7145138-03:00" testType="13cdc9d9-ddb5-4fa4-a97d-d965ccfc6d4b" outcome="Passed" testListId="8c84fa94-04c1-424b-9868-57a2d4851a1d" relativeResultsDirectory="ff8c942a-f7e7-48b7-9139-119f14ce91d0" />
    <UnitTestResult executionId="25f4207b-33d1-42a1-91a4-6e6934bb2a4d" testId="4c989036-8188-d453-6503-e7250d6b65e7" testName="Add Truck Model Yer Manufacture Year Invalid" computerName="DESKTOP-I4JGLN8" duration="00:00:00.0067527" startTime="2020-12-13T12:08:59.7607452-03:00" endTime="2020-12-13T12:08:59.7607481-03:00" testType="13cdc9d9-ddb5-4fa4-a97d-d965ccfc6d4b" outcome="Passed" testListId="8c84fa94-04c1-424b-9868-57a2d4851a1d" relativeResultsDirectory="25f4207b-33d1-42a1-91a4-6e6934bb2a4d" />
    <UnitTestResult executionId="0ebe50f6-56c7-45c0-8a55-d7d9430d338e" testId="d83a6f46-a4da-4514-2d04-9a2880899938" testName="Add Truck Paramenter Invalid" computerName="DESKTOP-I4JGLN8" duration="00:00:00.0065788" startTime="2020-12-13T12:08:59.7327214-03:00" endTime="2020-12-13T12:08:59.7327241-03:00" testType="13cdc9d9-ddb5-4fa4-a97d-d965ccfc6d4b" outcome="Passed" testListId="8c84fa94-04c1-424b-9868-57a2d4851a1d" relativeResultsDirectory="0ebe50f6-56c7-45c0-8a55-d7d9430d338e" />
    <UnitTestResult executionId="50bbb55c-cf28-4387-9054-ee02c0b70c23" testId="f89297cf-27d6-08aa-3681-8aaf5f2dafe7" testName="Get All Model Trucks" computerName="DESKTOP-I4JGLN8" duration="00:00:00.0561803" startTime="2020-12-13T12:08:59.6630559-03:00" endTime="2020-12-13T12:08:59.6630597-03:00" testType="13cdc9d9-ddb5-4fa4-a97d-d965ccfc6d4b" outcome="Passed" testListId="8c84fa94-04c1-424b-9868-57a2d4851a1d" relativeResultsDirectory="50bbb55c-cf28-4387-9054-ee02c0b70c23" />
    <UnitTestResult executionId="43f93e88-3836-421f-a278-2e1cdefd7f2d" testId="40882380-d101-9508-8b3f-65cbbc5d74f5" testName="Add Truck Success" computerName="DESKTOP-I4JGLN8" duration="00:00:00.0103260" startTime="2020-12-13T12:08:59.8253219-03:00" endTime="2020-12-13T12:08:59.8253289-03:00" testType="13cdc9d9-ddb5-4fa4-a97d-d965ccfc6d4b" outcome="Passed" testListId="8c84fa94-04c1-424b-9868-57a2d4851a1d" relativeResultsDirectory="43f93e88-3836-421f-a278-2e1cdefd7f2d" />
    <UnitTestResult executionId="7c7c409e-d600-418e-ba26-a079ece82055" testId="ffdfb4f8-7665-a3a8-a220-2ce43f2a8432" testName="Edit Truck Model Yer Manufacture Year Invalid" computerName="DESKTOP-I4JGLN8" duration="00:00:00.0109303" startTime="2020-12-13T12:08:59.7718429-03:00" endTime="2020-12-13T12:08:59.7718458-03:00" testType="13cdc9d9-ddb5-4fa4-a97d-d965ccfc6d4b" outcome="Passed" testListId="8c84fa94-04c1-424b-9868-57a2d4851a1d" relativeResultsDirectory="7c7c409e-d600-418e-ba26-a079ece82055" />
    <UnitTestResult executionId="37c236f5-c96f-4b22-b371-60d9843551a9" testId="a0e3c910-2b01-306c-ce61-1e698271e904" testName="Null Or Empaty Vin(number: &quot;&quot;)" computerName="DESKTOP-I4JGLN8" duration="00:00:00.1035374" startTime="2020-12-13T12:08:59.4630889-03:00" endTime="2020-12-13T12:08:59.4632573-03:00" testType="13cdc9d9-ddb5-4fa4-a97d-d965ccfc6d4b" outcome="Passed" testListId="8c84fa94-04c1-424b-9868-57a2d4851a1d" relativeResultsDirectory="37c236f5-c96f-4b22-b371-60d9843551a9" />
    <UnitTestResult executionId="67f09080-4910-49ac-a798-893ef86e637e" testId="a562e326-f8ff-70ca-9803-312480f390db" testName="Add Truck Model Not Exist" computerName="DESKTOP-I4JGLN8" duration="00:00:00.0060639" startTime="2020-12-13T12:08:59.7964637-03:00" endTime="2020-12-13T12:08:59.7964673-03:00" testType="13cdc9d9-ddb5-4fa4-a97d-d965ccfc6d4b" outcome="Passed" testListId="8c84fa94-04c1-424b-9868-57a2d4851a1d" relativeResultsDirectory="67f09080-4910-49ac-a798-893ef86e637e" />
    <UnitTestResult executionId="76819cd9-ca22-46c5-ad45-00e291e71abe" testId="7c847629-4e26-54b2-e714-21bd6297ac1d" testName="Remove Truck Error Persist Data" computerName="DESKTOP-I4JGLN8" duration="00:00:00.0091683" startTime="2020-12-13T12:08:59.7534520-03:00" endTime="2020-12-13T12:08:59.7534565-03:00" testType="13cdc9d9-ddb5-4fa4-a97d-d965ccfc6d4b" outcome="Passed" testListId="8c84fa94-04c1-424b-9868-57a2d4851a1d" relativeResultsDirectory="76819cd9-ca22-46c5-ad45-00e291e71abe" />
  </Results>
  <TestDefinitions>
    <UnitTest name="Remove Truck Paramenter Id IsNull" storage="d:\área detrabalho\volvo\volvo.trucks.api.tests\bin\debug\netcoreapp3.1\volvo.trucks.api.tests.dll" id="0f8e086c-5857-432b-aacd-467973f741e8">
      <Execution id="0eefdb4c-2f66-4e62-b7e5-43ddf19fe42e" />
      <TestMethod codeBase="D:\Área deTrabalho\Volvo\Volvo.Trucks.API.Tests\bin\Debug\netcoreapp3.1\Volvo.Trucks.API.Tests.dll" adapterTypeName="executor://xunit/VsTestRunner2/netcoreapp" className="Volvo.Trucks.API.Tests.Application.TruckCommandHandlerTests" name="RemoveTruckParamenterIdIsNull" />
    </UnitTest>
    <UnitTest name="Remove Truck Success" storage="d:\área detrabalho\volvo\volvo.trucks.api.tests\bin\debug\netcoreapp3.1\volvo.trucks.api.tests.dll" id="2554bc29-3387-2bf9-fbcb-d897558e322e">
      <Execution id="13a84afe-bc93-4e4f-9082-6cb90226e1b6" />
      <TestMethod codeBase="D:\Área deTrabalho\Volvo\Volvo.Trucks.API.Tests\bin\Debug\netcoreapp3.1\Volvo.Trucks.API.Tests.dll" adapterTypeName="executor://xunit/VsTestRunner2/netcoreapp" className="Volvo.Trucks.API.Tests.Application.TruckCommandHandlerTests" name="RemoveTruckSuccess" />
    </UnitTest>
    <UnitTest name="Add Truck Model Not Exist" storage="d:\área detrabalho\volvo\volvo.trucks.api.tests\bin\debug\netcoreapp3.1\volvo.trucks.api.tests.dll" id="a562e326-f8ff-70ca-9803-312480f390db">
      <Execution id="67f09080-4910-49ac-a798-893ef86e637e" />
      <TestMethod codeBase="D:\Área deTrabalho\Volvo\Volvo.Trucks.API.Tests\bin\Debug\netcoreapp3.1\Volvo.Trucks.API.Tests.dll" adapterTypeName="executor://xunit/VsTestRunner2/netcoreapp" className="Volvo.Trucks.API.Tests.Application.TruckCommandHandlerTests" name="AddTruckModelNotExist" />
    </UnitTest>
    <UnitTest name="Remove Truck Not Find Truck" storage="d:\área detrabalho\volvo\volvo.trucks.api.tests\bin\debug\netcoreapp3.1\volvo.trucks.api.tests.dll" id="404def15-21d1-f37e-ca9f-de19c55e510e">
      <Execution id="b469463c-e650-4f8d-96d3-d57d90eb1c1b" />
      <TestMethod codeBase="D:\Área deTrabalho\Volvo\Volvo.Trucks.API.Tests\bin\Debug\netcoreapp3.1\Volvo.Trucks.API.Tests.dll" adapterTypeName="executor://xunit/VsTestRunner2/netcoreapp" className="Volvo.Trucks.API.Tests.Application.TruckCommandHandlerTests" name="RemoveTruckNotFindTruck" />
    </UnitTest>
    <UnitTest name="Get All Trucks Invalid Filter" storage="d:\área detrabalho\volvo\volvo.trucks.api.tests\bin\debug\netcoreapp3.1\volvo.trucks.api.tests.dll" id="11d6f6bc-2383-7a58-869a-cb407b6f4bc1">
      <Execution id="74a04c29-ed5d-449b-8d4c-ce17cc5cd0bd" />
      <TestMethod codeBase="D:\Área deTrabalho\Volvo\Volvo.Trucks.API.Tests\bin\Debug\netcoreapp3.1\Volvo.Trucks.API.Tests.dll" adapterTypeName="executor://xunit/VsTestRunner2/netcoreapp" className="Volvo.Trucks.API.Tests.Application.ServiceQueryTests" name="GetAllTruckInvalidFilter" />
    </UnitTest>
    <UnitTest name="Edit Truck Model Yer Manufacture Year Invalid" storage="d:\área detrabalho\volvo\volvo.trucks.api.tests\bin\debug\netcoreapp3.1\volvo.trucks.api.tests.dll" id="ffdfb4f8-7665-a3a8-a220-2ce43f2a8432">
      <Execution id="7c7c409e-d600-418e-ba26-a079ece82055" />
      <TestMethod codeBase="D:\Área deTrabalho\Volvo\Volvo.Trucks.API.Tests\bin\Debug\netcoreapp3.1\Volvo.Trucks.API.Tests.dll" adapterTypeName="executor://xunit/VsTestRunner2/netcoreapp" className="Volvo.Trucks.API.Tests.Application.TruckCommandHandlerTests" name="EditTruckModelYerManufactureYearInvalid" />
    </UnitTest>
    <UnitTest name="Add Truck Paramenter Invalid" storage="d:\área detrabalho\volvo\volvo.trucks.api.tests\bin\debug\netcoreapp3.1\volvo.trucks.api.tests.dll" id="d83a6f46-a4da-4514-2d04-9a2880899938">
      <Execution id="0ebe50f6-56c7-45c0-8a55-d7d9430d338e" />
      <TestMethod codeBase="D:\Área deTrabalho\Volvo\Volvo.Trucks.API.Tests\bin\Debug\netcoreapp3.1\Volvo.Trucks.API.Tests.dll" adapterTypeName="executor://xunit/VsTestRunner2/netcoreapp" className="Volvo.Trucks.API.Tests.Application.TruckCommandHandlerTests" name="AddTruckParamenterInvalid" />
    </UnitTest>
    <UnitTest name="Add Truck Model Yer Manufacture Year Invalid" storage="d:\área detrabalho\volvo\volvo.trucks.api.tests\bin\debug\netcoreapp3.1\volvo.trucks.api.tests.dll" id="4c989036-8188-d453-6503-e7250d6b65e7">
      <Execution id="25f4207b-33d1-42a1-91a4-6e6934bb2a4d" />
      <TestMethod codeBase="D:\Área deTrabalho\Volvo\Volvo.Trucks.API.Tests\bin\Debug\netcoreapp3.1\Volvo.Trucks.API.Tests.dll" adapterTypeName="executor://xunit/VsTestRunner2/netcoreapp" className="Volvo.Trucks.API.Tests.Application.TruckCommandHandlerTests" name="AddTruckModelYerManufactureYearInvalid" />
    </UnitTest>
    <UnitTest name="Add Truck Error Pessist Data" storage="d:\área detrabalho\volvo\volvo.trucks.api.tests\bin\debug\netcoreapp3.1\volvo.trucks.api.tests.dll" id="43520f7d-fdbd-a349-7ea2-144deda57ec8">
      <Execution id="ff8c942a-f7e7-48b7-9139-119f14ce91d0" />
      <TestMethod codeBase="D:\Área deTrabalho\Volvo\Volvo.Trucks.API.Tests\bin\Debug\netcoreapp3.1\Volvo.Trucks.API.Tests.dll" adapterTypeName="executor://xunit/VsTestRunner2/netcoreapp" className="Volvo.Trucks.API.Tests.Application.TruckCommandHandlerTests" name="AddTruckErrorPessistData" />
    </UnitTest>
    <UnitTest name="Edit Truck Success" storage="d:\área detrabalho\volvo\volvo.trucks.api.tests\bin\debug\netcoreapp3.1\volvo.trucks.api.tests.dll" id="9e8ac530-9d92-3a31-6db9-e77aa36123d3">
      <Execution id="054fadd4-82c8-41d1-810f-9a62f8b0917b" />
      <TestMethod codeBase="D:\Área deTrabalho\Volvo\Volvo.Trucks.API.Tests\bin\Debug\netcoreapp3.1\Volvo.Trucks.API.Tests.dll" adapterTypeName="executor://xunit/VsTestRunner2/netcoreapp" className="Volvo.Trucks.API.Tests.Application.TruckCommandHandlerTests" name="EditTruckSuccess" />
    </UnitTest>
    <UnitTest name="Get All Trucks" storage="d:\área detrabalho\volvo\volvo.trucks.api.tests\bin\debug\netcoreapp3.1\volvo.trucks.api.tests.dll" id="387871d5-3fc5-0289-a4bf-4ae5d18ffb81">
      <Execution id="c5516441-e183-4178-af36-c3baa2b3e93d" />
      <TestMethod codeBase="D:\Área deTrabalho\Volvo\Volvo.Trucks.API.Tests\bin\Debug\netcoreapp3.1\Volvo.Trucks.API.Tests.dll" adapterTypeName="executor://xunit/VsTestRunner2/netcoreapp" className="Volvo.Trucks.API.Tests.Application.ServiceQueryTests" name="GetAllTruck" />
    </UnitTest>
    <UnitTest name="Edit Truck Not Exist" storage="d:\área detrabalho\volvo\volvo.trucks.api.tests\bin\debug\netcoreapp3.1\volvo.trucks.api.tests.dll" id="e6d148cf-7153-799c-c319-f9c491c29dad">
      <Execution id="060971c3-beb8-4497-9611-f799f1ff0789" />
      <TestMethod codeBase="D:\Área deTrabalho\Volvo\Volvo.Trucks.API.Tests\bin\Debug\netcoreapp3.1\Volvo.Trucks.API.Tests.dll" adapterTypeName="executor://xunit/VsTestRunner2/netcoreapp" className="Volvo.Trucks.API.Tests.Application.TruckCommandHandlerTests" name="EditTruckNotExist" />
    </UnitTest>
    <UnitTest name="Invalid Vin" storage="d:\área detrabalho\volvo\volvo.trucks.api.tests\bin\debug\netcoreapp3.1\volvo.trucks.api.tests.dll" id="d4036b07-2e6b-ee0d-6099-d34a0daea370">
      <Execution id="0ef2c5b2-ee87-4ba8-8312-8d70e1f0cc19" />
      <TestMethod codeBase="D:\Área deTrabalho\Volvo\Volvo.Trucks.API.Tests\bin\Debug\netcoreapp3.1\Volvo.Trucks.API.Tests.dll" adapterTypeName="executor://xunit/VsTestRunner2/netcoreapp" className="Volvo.Trucks.API.Tests.Core.VinTests" name="InvalidVin" />
    </UnitTest>
    <UnitTest name="Null Or Empaty Vin(number: null)" storage="d:\área detrabalho\volvo\volvo.trucks.api.tests\bin\debug\netcoreapp3.1\volvo.trucks.api.tests.dll" id="495ebeee-3380-13f8-2a53-fcbae2a72ec0">
      <Execution id="ad1d35f5-67a5-4b96-bc3b-a0cbe63d5ab2" />
      <TestMethod codeBase="D:\Área deTrabalho\Volvo\Volvo.Trucks.API.Tests\bin\Debug\netcoreapp3.1\Volvo.Trucks.API.Tests.dll" adapterTypeName="executor://xunit/VsTestRunner2/netcoreapp" className="Volvo.Trucks.API.Tests.Core.VinTests" name="NullOrEmpatyVin" />
    </UnitTest>
    <UnitTest name="Add Truck Success" storage="d:\área detrabalho\volvo\volvo.trucks.api.tests\bin\debug\netcoreapp3.1\volvo.trucks.api.tests.dll" id="40882380-d101-9508-8b3f-65cbbc5d74f5">
      <Execution id="43f93e88-3836-421f-a278-2e1cdefd7f2d" />
      <TestMethod codeBase="D:\Área deTrabalho\Volvo\Volvo.Trucks.API.Tests\bin\Debug\netcoreapp3.1\Volvo.Trucks.API.Tests.dll" adapterTypeName="executor://xunit/VsTestRunner2/netcoreapp" className="Volvo.Trucks.API.Tests.Application.TruckCommandHandlerTests" name="AddTruckSuccess" />
    </UnitTest>
    <UnitTest name="Get All Model Trucks" storage="d:\área detrabalho\volvo\volvo.trucks.api.tests\bin\debug\netcoreapp3.1\volvo.trucks.api.tests.dll" id="f89297cf-27d6-08aa-3681-8aaf5f2dafe7">
      <Execution id="50bbb55c-cf28-4387-9054-ee02c0b70c23" />
      <TestMethod codeBase="D:\Área deTrabalho\Volvo\Volvo.Trucks.API.Tests\bin\Debug\netcoreapp3.1\Volvo.Trucks.API.Tests.dll" adapterTypeName="executor://xunit/VsTestRunner2/netcoreapp" className="Volvo.Trucks.API.Tests.Application.ServiceQueryTests" name="GetAllModel" />
    </UnitTest>
    <UnitTest name="Null Or Empaty Vin(number: &quot;&quot;)" storage="d:\área detrabalho\volvo\volvo.trucks.api.tests\bin\debug\netcoreapp3.1\volvo.trucks.api.tests.dll" id="a0e3c910-2b01-306c-ce61-1e698271e904">
      <Execution id="37c236f5-c96f-4b22-b371-60d9843551a9" />
      <TestMethod codeBase="D:\Área deTrabalho\Volvo\Volvo.Trucks.API.Tests\bin\Debug\netcoreapp3.1\Volvo.Trucks.API.Tests.dll" adapterTypeName="executor://xunit/VsTestRunner2/netcoreapp" className="Volvo.Trucks.API.Tests.Core.VinTests" name="NullOrEmpatyVin" />
    </UnitTest>
    <UnitTest name="Edit Truck Model Not Exist" storage="d:\área detrabalho\volvo\volvo.trucks.api.tests\bin\debug\netcoreapp3.1\volvo.trucks.api.tests.dll" id="0b58340a-c93e-a1dd-ffc4-b4acea79f579">
      <Execution id="14afce8d-99cb-46be-bf42-6dcad2e8e371" />
      <TestMethod codeBase="D:\Área deTrabalho\Volvo\Volvo.Trucks.API.Tests\bin\Debug\netcoreapp3.1\Volvo.Trucks.API.Tests.dll" adapterTypeName="executor://xunit/VsTestRunner2/netcoreapp" className="Volvo.Trucks.API.Tests.Application.TruckCommandHandlerTests" name="EditTruckModelNotExist" />
    </UnitTest>
    <UnitTest name="Edit Truck Paramenter Invalid" storage="d:\área detrabalho\volvo\volvo.trucks.api.tests\bin\debug\netcoreapp3.1\volvo.trucks.api.tests.dll" id="9fcaff1a-068a-e291-57e2-b3e7fb33c085">
      <Execution id="90499259-9e40-44b7-9196-cccbeb3ad601" />
      <TestMethod codeBase="D:\Área deTrabalho\Volvo\Volvo.Trucks.API.Tests\bin\Debug\netcoreapp3.1\Volvo.Trucks.API.Tests.dll" adapterTypeName="executor://xunit/VsTestRunner2/netcoreapp" className="Volvo.Trucks.API.Tests.Application.TruckCommandHandlerTests" name="EditTruckParamenterInvalid" />
    </UnitTest>
    <UnitTest name="Add Truck Exist" storage="d:\área detrabalho\volvo\volvo.trucks.api.tests\bin\debug\netcoreapp3.1\volvo.trucks.api.tests.dll" id="a248f598-e9b5-b2d0-9213-d559cc866a78">
      <Execution id="abd847b0-0797-4b47-8581-95c9bad7e01d" />
      <TestMethod codeBase="D:\Área deTrabalho\Volvo\Volvo.Trucks.API.Tests\bin\Debug\netcoreapp3.1\Volvo.Trucks.API.Tests.dll" adapterTypeName="executor://xunit/VsTestRunner2/netcoreapp" className="Volvo.Trucks.API.Tests.Application.TruckCommandHandlerTests" name="AddTruckExist" />
    </UnitTest>
    <UnitTest name="Remove Truck Error Persist Data" storage="d:\área detrabalho\volvo\volvo.trucks.api.tests\bin\debug\netcoreapp3.1\volvo.trucks.api.tests.dll" id="7c847629-4e26-54b2-e714-21bd6297ac1d">
      <Execution id="76819cd9-ca22-46c5-ad45-00e291e71abe" />
      <TestMethod codeBase="D:\Área deTrabalho\Volvo\Volvo.Trucks.API.Tests\bin\Debug\netcoreapp3.1\Volvo.Trucks.API.Tests.dll" adapterTypeName="executor://xunit/VsTestRunner2/netcoreapp" className="Volvo.Trucks.API.Tests.Application.TruckCommandHandlerTests" name="RemoveErrorPersistData" />
    </UnitTest>
    <UnitTest name="Edit Truck Error Pessist Data" storage="d:\área detrabalho\volvo\volvo.trucks.api.tests\bin\debug\netcoreapp3.1\volvo.trucks.api.tests.dll" id="f4f7e236-b7a3-7357-cb52-4482d4c62886">
      <Execution id="fc60dcc0-ba16-426c-9b31-37e5da94c35f" />
      <TestMethod codeBase="D:\Área deTrabalho\Volvo\Volvo.Trucks.API.Tests\bin\Debug\netcoreapp3.1\Volvo.Trucks.API.Tests.dll" adapterTypeName="executor://xunit/VsTestRunner2/netcoreapp" className="Volvo.Trucks.API.Tests.Application.TruckCommandHandlerTests" name="EditTruckErrorPessistData" />
    </UnitTest>
  </TestDefinitions>
  <TestEntries>
    <TestEntry testId="0b58340a-c93e-a1dd-ffc4-b4acea79f579" executionId="14afce8d-99cb-46be-bf42-6dcad2e8e371" testListId="8c84fa94-04c1-424b-9868-57a2d4851a1d" />
    <TestEntry testId="11d6f6bc-2383-7a58-869a-cb407b6f4bc1" executionId="74a04c29-ed5d-449b-8d4c-ce17cc5cd0bd" testListId="8c84fa94-04c1-424b-9868-57a2d4851a1d" />
    <TestEntry testId="e6d148cf-7153-799c-c319-f9c491c29dad" executionId="060971c3-beb8-4497-9611-f799f1ff0789" testListId="8c84fa94-04c1-424b-9868-57a2d4851a1d" />
    <TestEntry testId="2554bc29-3387-2bf9-fbcb-d897558e322e" executionId="13a84afe-bc93-4e4f-9082-6cb90226e1b6" testListId="8c84fa94-04c1-424b-9868-57a2d4851a1d" />
    <TestEntry testId="0f8e086c-5857-432b-aacd-467973f741e8" executionId="0eefdb4c-2f66-4e62-b7e5-43ddf19fe42e" testListId="8c84fa94-04c1-424b-9868-57a2d4851a1d" />
    <TestEntry testId="9fcaff1a-068a-e291-57e2-b3e7fb33c085" executionId="90499259-9e40-44b7-9196-cccbeb3ad601" testListId="8c84fa94-04c1-424b-9868-57a2d4851a1d" />
    <TestEntry testId="404def15-21d1-f37e-ca9f-de19c55e510e" executionId="b469463c-e650-4f8d-96d3-d57d90eb1c1b" testListId="8c84fa94-04c1-424b-9868-57a2d4851a1d" />
    <TestEntry testId="387871d5-3fc5-0289-a4bf-4ae5d18ffb81" executionId="c5516441-e183-4178-af36-c3baa2b3e93d" testListId="8c84fa94-04c1-424b-9868-57a2d4851a1d" />
    <TestEntry testId="f4f7e236-b7a3-7357-cb52-4482d4c62886" executionId="fc60dcc0-ba16-426c-9b31-37e5da94c35f" testListId="8c84fa94-04c1-424b-9868-57a2d4851a1d" />
    <TestEntry testId="a248f598-e9b5-b2d0-9213-d559cc866a78" executionId="abd847b0-0797-4b47-8581-95c9bad7e01d" testListId="8c84fa94-04c1-424b-9868-57a2d4851a1d" />
    <TestEntry testId="9e8ac530-9d92-3a31-6db9-e77aa36123d3" executionId="054fadd4-82c8-41d1-810f-9a62f8b0917b" testListId="8c84fa94-04c1-424b-9868-57a2d4851a1d" />
    <TestEntry testId="495ebeee-3380-13f8-2a53-fcbae2a72ec0" executionId="ad1d35f5-67a5-4b96-bc3b-a0cbe63d5ab2" testListId="8c84fa94-04c1-424b-9868-57a2d4851a1d" />
    <TestEntry testId="d4036b07-2e6b-ee0d-6099-d34a0daea370" executionId="0ef2c5b2-ee87-4ba8-8312-8d70e1f0cc19" testListId="8c84fa94-04c1-424b-9868-57a2d4851a1d" />
    <TestEntry testId="43520f7d-fdbd-a349-7ea2-144deda57ec8" executionId="ff8c942a-f7e7-48b7-9139-119f14ce91d0" testListId="8c84fa94-04c1-424b-9868-57a2d4851a1d" />
    <TestEntry testId="4c989036-8188-d453-6503-e7250d6b65e7" executionId="25f4207b-33d1-42a1-91a4-6e6934bb2a4d" testListId="8c84fa94-04c1-424b-9868-57a2d4851a1d" />
    <TestEntry testId="d83a6f46-a4da-4514-2d04-9a2880899938" executionId="0ebe50f6-56c7-45c0-8a55-d7d9430d338e" testListId="8c84fa94-04c1-424b-9868-57a2d4851a1d" />
    <TestEntry testId="f89297cf-27d6-08aa-3681-8aaf5f2dafe7" executionId="50bbb55c-cf28-4387-9054-ee02c0b70c23" testListId="8c84fa94-04c1-424b-9868-57a2d4851a1d" />
    <TestEntry testId="40882380-d101-9508-8b3f-65cbbc5d74f5" executionId="43f93e88-3836-421f-a278-2e1cdefd7f2d" testListId="8c84fa94-04c1-424b-9868-57a2d4851a1d" />
    <TestEntry testId="ffdfb4f8-7665-a3a8-a220-2ce43f2a8432" executionId="7c7c409e-d600-418e-ba26-a079ece82055" testListId="8c84fa94-04c1-424b-9868-57a2d4851a1d" />
    <TestEntry testId="a0e3c910-2b01-306c-ce61-1e698271e904" executionId="37c236f5-c96f-4b22-b371-60d9843551a9" testListId="8c84fa94-04c1-424b-9868-57a2d4851a1d" />
    <TestEntry testId="a562e326-f8ff-70ca-9803-312480f390db" executionId="67f09080-4910-49ac-a798-893ef86e637e" testListId="8c84fa94-04c1-424b-9868-57a2d4851a1d" />
    <TestEntry testId="7c847629-4e26-54b2-e714-21bd6297ac1d" executionId="76819cd9-ca22-46c5-ad45-00e291e71abe" testListId="8c84fa94-04c1-424b-9868-57a2d4851a1d" />
  </TestEntries>
  <TestLists>
    <TestList name="Resultados que não estão em uma lista" id="8c84fa94-04c1-424b-9868-57a2d4851a1d" />
    <TestList name="Todos os resultados carregados" id="19431567-8539-422a-85d7-44ee4e166bda" />
  </TestLists>
  <ResultSummary outcome="Completed">
    <Counters total="22" executed="22" passed="22" failed="0" error="0" timeout="0" aborted="0" inconclusive="0" passedButRunAborted="0" notRunnable="0" notExecuted="0" disconnected="0" warning="0" completed="0" inProgress="0" pending="0" />
    <Output>
      <StdOut>[xUnit.net 00:00:00.00] xUnit.net VSTest Adapter v2.4.0 (64-bit .NET Core 3.1.3)&#xD;
[xUnit.net 00:00:02.25]   Discovering: Volvo.Trucks.API.Tests&#xD;
[xUnit.net 00:00:02.35]   Discovered:  Volvo.Trucks.API.Tests&#xD;
[xUnit.net 00:00:02.35]   Starting:    Volvo.Trucks.API.Tests&#xD;
[xUnit.net 00:00:02.94]   Finished:    Volvo.Trucks.API.Tests&#xD;
</StdOut>
    </Output>
  </ResultSummary>
</TestRun>